05:21:13 **** Incremental Build of configuration Debug for project Lab1_Ex3 ****
make -j16 all 
arm-none-eabi-gcc "../Core/Src/main.c" -mcpu=cortex-m3 -std=gnu11 -g3 -DDEBUG -DUSE_HAL_DRIVER -DSTM32F103x6 -c -I../Core/Inc -I../Drivers/STM32F1xx_HAL_Driver/Inc -I../Drivers/STM32F1xx_HAL_Driver/Inc/Legacy -I../Drivers/CMSIS/Device/ST/STM32F1xx/Include -I../Drivers/CMSIS/Include -O0 -ffunction-sections -fdata-sections -Wall -fstack-usage -MMD -MP -MF"Core/Src/main.d" -MT"Core/Src/main.o" --specs=nano.specs -mfloat-abi=soft -mthumb -o "Core/Src/main.o"
arm-none-eabi-gcc -o "Lab1_Ex3.elf" @"objects.list"   -mcpu=cortex-m3 -T"D:\Microprocessors_Microcontrollers\STM32\STMWorkspace\Lab1_Ex3\STM32F103C6UX_FLASH.ld" --specs=nosys.specs -Wl,-Map="Lab1_Ex3.map" -Wl,--gc-sections -static --specs=nano.specs -mfloat-abi=soft -mthumb -Wl,--start-group -lc -lm -Wl,--end-group
Finished building target: Lab1_Ex3.elf
 
arm-none-eabi-size   Lab1_Ex3.elf 
arm-none-eabi-objdump -h -S  Lab1_Ex3.elf  > "Lab1_Ex3.list"
arm-none-eabi-objcopy  -O ihex  Lab1_Ex3.elf  "Lab1_Ex3.hex"
   text	   data	    bss	    dec	    hex	filename
   4916	     28	   1572	   6516	   1974	Lab1_Ex3.elf
arm-none-eabi-objcopy  -O binary  Lab1_Ex3.elf  "Lab1_Ex3.bin"
Finished building: default.size.stdout
 
Finished building: Lab1_Ex3.hex
Finished building: Lab1_Ex3.bin
 
 
Finished building: Lab1_Ex3.list
 

05:21:14 Build Finished. 0 errors, 0 warnings. (took 527ms)

